// Jest Snapshot v1, https://goo.gl/fbAQLP

exports[`Manager manager renders the loading screen 1`] = `
<AppLoading
  onError={[Function]}
  onFinish={[Function]}
  startAsync={[Function]}
/>
`;

exports[`Manager manager renders the root without loading screen 1`] = `
<RCTSafeAreaView
  emulateUnlessSupported={true}
  style={
    Object {
      "alignContent": "center",
      "display": "flex",
      "flex": 1,
      "flexDirection": "column",
      "justifyContent": "center",
    }
  }
>
  <AppNavigator />
</RCTSafeAreaView>
`;
