// Jest Snapshot v1, https://goo.gl/fbAQLP

exports[`App Button renders correctly 1`] = `
<View
  accessibilityRole="button"
  accessible={true}
  isTVSelectable={true}
  onResponderGrant={[Function]}
  onResponderMove={[Function]}
  onResponderRelease={[Function]}
  onResponderTerminate={[Function]}
  onResponderTerminationRequest={[Function]}
  onStartShouldSetResponder={[Function]}
  style={
    Object {
      "alignItems": "center",
      "marginVertical": 10,
      "opacity": 1,
    }
  }
>
  <View
    style={
      Array [
        Object {},
        Object {
          "backgroundColor": "#57c75e",
        },
      ]
    }
  >
    <Text
      style={
        Array [
          Object {
            "color": "white",
            "fontSize": 18,
            "margin": 8,
            "textAlign": "center",
          },
        ]
      }
    />
  </View>
</View>
`;
